2025-06-25 00:15:55,814 - test_logger -                debug() - DEBUG - [34mTest debug message[0m
2025-06-25 00:15:55,814 - test_logger -                 info() - INFO - [32mTest info message[0m
2025-06-25 00:15:55,814 - test_logger -              warning() - WARNING - [33mTest warning message[0m
2025-06-25 00:15:55,814 - test_logger -                error() - ERROR - [31mTest error message[0m
2025-06-25 00:15:55,814 - test_logger -             critical() - CRITICAL - [107m[31mTest critical message[0m
2025-06-25 00:15:56,233 - request -                debug() - DEBUG - [34mRequest object created[0m
2025-06-25 00:15:56,233 - request -                debug() - DEBUG - [34mRequest object created[0m
2025-06-25 00:15:56,235 - request -                debug() - DEBUG - [34mSending request[0m
2025-06-25 00:15:56,235 - request -                debug() - DEBUG - [34mSending GET request[0m
2025-06-25 00:15:56,235 - request -                debug() - DEBUG - [34mResponse received[0m
2025-06-25 00:15:56,235 - request -                debug() - DEBUG - [34mRequest object created[0m
2025-06-25 00:15:56,236 - request -                debug() - DEBUG - [34mSending request[0m
2025-06-25 00:15:56,236 - request -                error() - ERROR - [31mInvalid method[0m
2025-06-25 00:15:56,236 - request -                debug() - DEBUG - [34mRequest object created[0m
2025-06-25 00:15:56,236 - request -                debug() - DEBUG - [34mSending request[0m
2025-06-25 00:15:56,236 - request -                debug() - DEBUG - [34mSending POST request[0m
2025-06-25 00:15:56,236 - request -                debug() - DEBUG - [34mResponse received[0m
2025-06-25 00:22:25,809 - test_logger -                debug() - DEBUG - [34mTest debug message[0m
2025-06-25 00:22:25,809 - test_logger -                 info() - INFO - [32mTest info message[0m
2025-06-25 00:22:25,809 - test_logger -              warning() - WARNING - [33mTest warning message[0m
2025-06-25 00:22:25,809 - test_logger -                error() - ERROR - [31mTest error message[0m
2025-06-25 00:22:25,809 - test_logger -             critical() - CRITICAL - [107m[31mTest critical message[0m
2025-06-25 00:22:26,224 - request -                debug() - DEBUG - [34mRequest object created[0m
2025-06-25 00:22:26,225 - request -                debug() - DEBUG - [34mRequest object created[0m
2025-06-25 00:22:26,227 - request -                debug() - DEBUG - [34mSending request[0m
2025-06-25 00:22:26,227 - request -                debug() - DEBUG - [34mSending GET request[0m
2025-06-25 00:22:26,227 - request -                debug() - DEBUG - [34mResponse received[0m
2025-06-25 00:22:26,227 - request -                debug() - DEBUG - [34mRequest object created[0m
2025-06-25 00:22:26,228 - request -                debug() - DEBUG - [34mSending request[0m
2025-06-25 00:22:26,228 - request -                error() - ERROR - [31mInvalid method[0m
2025-06-25 00:22:26,228 - request -                debug() - DEBUG - [34mRequest object created[0m
2025-06-25 00:22:26,228 - request -                debug() - DEBUG - [34mSending request[0m
2025-06-25 00:22:26,228 - request -                debug() - DEBUG - [34mSending POST request[0m
2025-06-25 00:22:26,228 - request -                debug() - DEBUG - [34mResponse received[0m
2025-06-25 00:57:12,867 - test_logger -                debug() - DEBUG - [34mTest debug message[0m
2025-06-25 00:57:12,867 - test_logger -                 info() - INFO - [32mTest info message[0m
2025-06-25 00:57:12,867 - test_logger -              warning() - WARNING - [33mTest warning message[0m
2025-06-25 00:57:12,867 - test_logger -                error() - ERROR - [31mTest error message[0m
2025-06-25 00:57:12,867 - test_logger -             critical() - CRITICAL - [107m[31mTest critical message[0m
2025-06-25 00:57:13,280 - request -                debug() - DEBUG - [34mRequest object created[0m
2025-06-25 00:57:13,280 - request -                debug() - DEBUG - [34mRequest object created[0m
2025-06-25 00:57:13,282 - request -                debug() - DEBUG - [34mSending request[0m
2025-06-25 00:57:13,282 - request -                debug() - DEBUG - [34mSending GET request[0m
2025-06-25 00:57:13,282 - request -                debug() - DEBUG - [34mResponse received[0m
2025-06-25 00:57:13,282 - request -                debug() - DEBUG - [34mRequest object created[0m
2025-06-25 00:57:13,282 - request -                debug() - DEBUG - [34mSending request[0m
2025-06-25 00:57:13,282 - request -                error() - ERROR - [31mInvalid method[0m
2025-06-25 00:57:13,283 - request -                debug() - DEBUG - [34mRequest object created[0m
2025-06-25 00:57:13,283 - request -                debug() - DEBUG - [34mSending request[0m
2025-06-25 00:57:13,283 - request -                debug() - DEBUG - [34mSending POST request[0m
2025-06-25 00:57:13,283 - request -                debug() - DEBUG - [34mResponse received[0m
2025-06-25 01:13:23,281 - test_logger -                debug() - DEBUG - [34mTest debug message[0m
2025-06-25 01:13:23,281 - test_logger -                 info() - INFO - [32mTest info message[0m
2025-06-25 01:13:23,281 - test_logger -              warning() - WARNING - [33mTest warning message[0m
2025-06-25 01:13:23,281 - test_logger -                error() - ERROR - [31mTest error message[0m
2025-06-25 01:13:23,281 - test_logger -             critical() - CRITICAL - [107m[31mTest critical message[0m
2025-06-25 01:13:23,694 - request -                debug() - DEBUG - [34mRequest object created[0m
2025-06-25 01:13:23,694 - request -                debug() - DEBUG - [34mRequest object created[0m
2025-06-25 01:13:23,696 - request -                debug() - DEBUG - [34mSending request[0m
2025-06-25 01:13:23,696 - request -                debug() - DEBUG - [34mSending GET request[0m
2025-06-25 01:13:23,696 - request -                debug() - DEBUG - [34mResponse received[0m
2025-06-25 01:13:23,696 - request -                debug() - DEBUG - [34mRequest object created[0m
2025-06-25 01:13:23,696 - request -                debug() - DEBUG - [34mSending request[0m
2025-06-25 01:13:23,696 - request -                error() - ERROR - [31mInvalid method[0m
2025-06-25 01:13:23,696 - request -                debug() - DEBUG - [34mRequest object created[0m
2025-06-25 01:13:23,697 - request -                debug() - DEBUG - [34mSending request[0m
2025-06-25 01:13:23,697 - request -                debug() - DEBUG - [34mSending POST request[0m
2025-06-25 01:13:23,697 - request -                debug() - DEBUG - [34mResponse received[0m
2025-06-25 09:16:17,839 - test_logger -                debug() - DEBUG - [34mTest debug message[0m
2025-06-25 09:16:17,839 - test_logger -                 info() - INFO - [32mTest info message[0m
2025-06-25 09:16:17,839 - test_logger -              warning() - WARNING - [33mTest warning message[0m
2025-06-25 09:16:17,839 - test_logger -                error() - ERROR - [31mTest error message[0m
2025-06-25 09:16:17,839 - test_logger -             critical() - CRITICAL - [107m[31mTest critical message[0m
2025-06-25 09:16:18,252 - request -                debug() - DEBUG - [34mRequest object created[0m
2025-06-25 09:16:18,253 - request -                debug() - DEBUG - [34mRequest object created[0m
2025-06-25 09:16:18,255 - request -                debug() - DEBUG - [34mSending request[0m
2025-06-25 09:16:18,256 - request -                debug() - DEBUG - [34mSending GET request[0m
2025-06-25 09:16:18,256 - request -                debug() - DEBUG - [34mResponse received[0m
2025-06-25 09:16:18,256 - request -                debug() - DEBUG - [34mRequest object created[0m
2025-06-25 09:16:18,256 - request -                debug() - DEBUG - [34mSending request[0m
2025-06-25 09:16:18,256 - request -                error() - ERROR - [31mInvalid method[0m
2025-06-25 09:16:18,257 - request -                debug() - DEBUG - [34mRequest object created[0m
2025-06-25 09:16:18,257 - request -                debug() - DEBUG - [34mSending request[0m
2025-06-25 09:16:18,257 - request -                debug() - DEBUG - [34mSending POST request[0m
2025-06-25 09:16:18,257 - request -                debug() - DEBUG - [34mResponse received[0m
2025-06-25 09:16:51,599 - test_logger -                debug() - DEBUG - [34mTest debug message[0m
2025-06-25 09:16:51,599 - test_logger -                 info() - INFO - [32mTest info message[0m
2025-06-25 09:16:51,599 - test_logger -              warning() - WARNING - [33mTest warning message[0m
2025-06-25 09:16:51,599 - test_logger -                error() - ERROR - [31mTest error message[0m
2025-06-25 09:16:51,599 - test_logger -             critical() - CRITICAL - [107m[31mTest critical message[0m
2025-06-25 09:16:52,011 - request -                debug() - DEBUG - [34mRequest object created[0m
2025-06-25 09:16:52,012 - request -                debug() - DEBUG - [34mRequest object created[0m
2025-06-25 09:16:52,013 - request -                debug() - DEBUG - [34mSending request[0m
2025-06-25 09:16:52,014 - request -                debug() - DEBUG - [34mSending GET request[0m
2025-06-25 09:16:52,014 - request -                debug() - DEBUG - [34mResponse received[0m
2025-06-25 09:16:52,014 - request -                debug() - DEBUG - [34mRequest object created[0m
2025-06-25 09:16:52,014 - request -                debug() - DEBUG - [34mSending request[0m
2025-06-25 09:16:52,014 - request -                error() - ERROR - [31mInvalid method[0m
2025-06-25 09:16:52,014 - request -                debug() - DEBUG - [34mRequest object created[0m
2025-06-25 09:16:52,014 - request -                debug() - DEBUG - [34mSending request[0m
2025-06-25 09:16:52,014 - request -                debug() - DEBUG - [34mSending POST request[0m
2025-06-25 09:16:52,015 - request -                debug() - DEBUG - [34mResponse received[0m
2025-06-25 09:22:03,070 - test_logger -                debug() - DEBUG - [34mTest debug message[0m
2025-06-25 09:22:03,070 - test_logger -                 info() - INFO - [32mTest info message[0m
2025-06-25 09:22:03,070 - test_logger -              warning() - WARNING - [33mTest warning message[0m
2025-06-25 09:22:03,070 - test_logger -                error() - ERROR - [31mTest error message[0m
2025-06-25 09:22:03,070 - test_logger -             critical() - CRITICAL - [107m[31mTest critical message[0m
2025-06-25 09:22:03,479 - request -                debug() - DEBUG - [34mRequest object created[0m
2025-06-25 09:22:03,480 - request -                debug() - DEBUG - [34mRequest object created[0m
2025-06-25 09:22:03,481 - request -                debug() - DEBUG - [34mSending request[0m
2025-06-25 09:22:03,481 - request -                debug() - DEBUG - [34mSending GET request[0m
2025-06-25 09:22:03,481 - request -                debug() - DEBUG - [34mResponse received[0m
2025-06-25 09:22:03,481 - request -                debug() - DEBUG - [34mRequest object created[0m
2025-06-25 09:22:03,481 - request -                debug() - DEBUG - [34mSending request[0m
2025-06-25 09:22:03,481 - request -                error() - ERROR - [31mInvalid method[0m
2025-06-25 09:22:03,481 - request -                debug() - DEBUG - [34mRequest object created[0m
2025-06-25 09:22:03,482 - request -                debug() - DEBUG - [34mSending request[0m
2025-06-25 09:22:03,482 - request -                debug() - DEBUG - [34mSending POST request[0m
2025-06-25 09:22:03,482 - request -                debug() - DEBUG - [34mResponse received[0m
2025-06-25 09:22:03,502 - request -                debug() - DEBUG - [34mRequest object created[0m
2025-06-25 09:22:03,502 - request -                debug() - DEBUG - [34mRequest object created[0m
2025-06-25 09:22:03,502 - request -                debug() - DEBUG - [34mSending request[0m
2025-06-25 09:22:03,502 - request -                debug() - DEBUG - [34mSending GET request[0m
2025-06-25 09:22:03,502 - request -                debug() - DEBUG - [34mResponse received[0m
2025-06-25 09:22:03,503 - request -                debug() - DEBUG - [34mRequest object created[0m
2025-06-25 09:22:03,503 - request -                debug() - DEBUG - [34mSending request[0m
2025-06-25 09:22:03,503 - request -                error() - ERROR - [31mInvalid method[0m
2025-06-25 09:22:03,503 - request -                debug() - DEBUG - [34mRequest object created[0m
2025-06-25 09:22:03,505 - request -                debug() - DEBUG - [34mSending request[0m
2025-06-25 09:22:03,505 - request -                debug() - DEBUG - [34mSending POST request[0m
2025-06-25 09:22:03,505 - request -                debug() - DEBUG - [34mResponse received[0m
2025-06-25 09:22:59,457 - test_logger -                debug() - DEBUG - [34mTest debug message[0m
2025-06-25 09:22:59,457 - test_logger -                 info() - INFO - [32mTest info message[0m
2025-06-25 09:22:59,457 - test_logger -              warning() - WARNING - [33mTest warning message[0m
2025-06-25 09:22:59,457 - test_logger -                error() - ERROR - [31mTest error message[0m
2025-06-25 09:22:59,457 - test_logger -             critical() - CRITICAL - [107m[31mTest critical message[0m
2025-06-25 09:22:59,866 - request -                debug() - DEBUG - [34mRequest object created[0m
2025-06-25 09:22:59,869 - request -                debug() - DEBUG - [34mRequest object created[0m
2025-06-25 09:22:59,870 - request -                debug() - DEBUG - [34mSending request[0m
2025-06-25 09:22:59,870 - request -                debug() - DEBUG - [34mSending GET request[0m
2025-06-25 09:22:59,870 - request -                debug() - DEBUG - [34mResponse received[0m
2025-06-25 09:22:59,871 - request -                debug() - DEBUG - [34mRequest object created[0m
2025-06-25 09:22:59,871 - request -                debug() - DEBUG - [34mSending request[0m
2025-06-25 09:22:59,871 - request -                error() - ERROR - [31mInvalid method[0m
2025-06-25 09:22:59,871 - request -                debug() - DEBUG - [34mRequest object created[0m
2025-06-25 09:22:59,872 - request -                debug() - DEBUG - [34mSending request[0m
2025-06-25 09:22:59,872 - request -                debug() - DEBUG - [34mSending POST request[0m
2025-06-25 09:22:59,872 - request -                debug() - DEBUG - [34mResponse received[0m
2025-06-25 09:22:59,889 - request -                debug() - DEBUG - [34mRequest object created[0m
2025-06-25 09:22:59,889 - request -                debug() - DEBUG - [34mRequest object created[0m
2025-06-25 09:22:59,889 - request -                debug() - DEBUG - [34mSending request[0m
2025-06-25 09:22:59,889 - request -                debug() - DEBUG - [34mSending GET request[0m
2025-06-25 09:22:59,889 - request -                debug() - DEBUG - [34mResponse received[0m
2025-06-25 09:22:59,889 - request -                debug() - DEBUG - [34mRequest object created[0m
2025-06-25 09:22:59,889 - request -                debug() - DEBUG - [34mSending request[0m
2025-06-25 09:22:59,890 - request -                error() - ERROR - [31mInvalid method[0m
2025-06-25 09:22:59,890 - request -                debug() - DEBUG - [34mRequest object created[0m
2025-06-25 09:22:59,890 - request -                debug() - DEBUG - [34mSending request[0m
2025-06-25 09:22:59,890 - request -                debug() - DEBUG - [34mSending POST request[0m
2025-06-25 09:22:59,890 - request -                debug() - DEBUG - [34mResponse received[0m
2025-06-25 09:27:39,413 - test_logger -                debug() - DEBUG - [34mTest debug message[0m
2025-06-25 09:27:39,413 - test_logger -                 info() - INFO - [32mTest info message[0m
2025-06-25 09:27:39,413 - test_logger -              warning() - WARNING - [33mTest warning message[0m
2025-06-25 09:27:39,413 - test_logger -                error() - ERROR - [31mTest error message[0m
2025-06-25 09:27:39,413 - test_logger -             critical() - CRITICAL - [107m[31mTest critical message[0m
2025-06-25 09:27:39,828 - request -                debug() - DEBUG - [34mRequest object created[0m
2025-06-25 09:27:39,831 - request -                debug() - DEBUG - [34mRequest object created[0m
2025-06-25 09:27:39,833 - request -                debug() - DEBUG - [34mSending request[0m
2025-06-25 09:27:39,833 - request -                debug() - DEBUG - [34mSending GET request[0m
2025-06-25 09:27:39,834 - request -                debug() - DEBUG - [34mResponse received[0m
2025-06-25 09:27:39,834 - request -                debug() - DEBUG - [34mRequest object created[0m
2025-06-25 09:27:39,834 - request -                debug() - DEBUG - [34mSending request[0m
2025-06-25 09:27:39,834 - request -                error() - ERROR - [31mInvalid method[0m
2025-06-25 09:27:39,835 - request -                debug() - DEBUG - [34mRequest object created[0m
2025-06-25 09:27:39,835 - request -                debug() - DEBUG - [34mSending request[0m
2025-06-25 09:27:39,835 - request -                debug() - DEBUG - [34mSending POST request[0m
2025-06-25 09:27:39,835 - request -                debug() - DEBUG - [34mResponse received[0m
2025-06-25 09:32:59,183 - test_logger -                debug() - DEBUG - [34mTest debug message[0m
2025-06-25 09:32:59,183 - test_logger -                 info() - INFO - [32mTest info message[0m
2025-06-25 09:32:59,183 - test_logger -              warning() - WARNING - [33mTest warning message[0m
2025-06-25 09:32:59,183 - test_logger -                error() - ERROR - [31mTest error message[0m
2025-06-25 09:32:59,183 - test_logger -             critical() - CRITICAL - [107m[31mTest critical message[0m
2025-06-25 09:32:59,597 - request -                debug() - DEBUG - [34mRequest object created[0m
2025-06-25 09:32:59,599 - request -                debug() - DEBUG - [34mRequest object created[0m
2025-06-25 09:32:59,600 - request -                debug() - DEBUG - [34mSending request[0m
2025-06-25 09:32:59,600 - request -                debug() - DEBUG - [34mSending GET request[0m
2025-06-25 09:32:59,600 - request -                debug() - DEBUG - [34mResponse received[0m
2025-06-25 09:32:59,601 - request -                debug() - DEBUG - [34mRequest object created[0m
2025-06-25 09:32:59,601 - request -                debug() - DEBUG - [34mSending request[0m
2025-06-25 09:32:59,601 - request -                error() - ERROR - [31mInvalid method[0m
2025-06-25 09:32:59,601 - request -                debug() - DEBUG - [34mRequest object created[0m
2025-06-25 09:32:59,601 - request -                debug() - DEBUG - [34mSending request[0m
2025-06-25 09:32:59,601 - request -                debug() - DEBUG - [34mSending POST request[0m
2025-06-25 09:32:59,601 - request -                debug() - DEBUG - [34mResponse received[0m
2025-06-25 09:32:59,622 - request -                debug() - DEBUG - [34mRequest object created[0m
2025-06-25 09:32:59,622 - request -                debug() - DEBUG - [34mRequest object created[0m
2025-06-25 09:32:59,623 - request -                debug() - DEBUG - [34mSending request[0m
2025-06-25 09:32:59,623 - request -                debug() - DEBUG - [34mSending GET request[0m
2025-06-25 09:32:59,623 - request -                debug() - DEBUG - [34mResponse received[0m
2025-06-25 09:32:59,623 - request -                debug() - DEBUG - [34mRequest object created[0m
2025-06-25 09:32:59,623 - request -                debug() - DEBUG - [34mSending request[0m
2025-06-25 09:32:59,623 - request -                error() - ERROR - [31mInvalid method[0m
2025-06-25 09:32:59,623 - request -                debug() - DEBUG - [34mRequest object created[0m
2025-06-25 09:32:59,623 - request -                debug() - DEBUG - [34mSending request[0m
2025-06-25 09:32:59,623 - request -                debug() - DEBUG - [34mSending POST request[0m
2025-06-25 09:32:59,623 - request -                debug() - DEBUG - [34mResponse received[0m
2025-06-25 09:37:04,765 - test_logger -                debug() - DEBUG - [34mTest debug message[0m
2025-06-25 09:37:04,765 - test_logger -                 info() - INFO - [32mTest info message[0m
2025-06-25 09:37:04,765 - test_logger -              warning() - WARNING - [33mTest warning message[0m
2025-06-25 09:37:04,765 - test_logger -                error() - ERROR - [31mTest error message[0m
2025-06-25 09:37:04,765 - test_logger -             critical() - CRITICAL - [107m[31mTest critical message[0m
2025-06-25 09:37:05,175 - request -                debug() - DEBUG - [34mRequest object created[0m
2025-06-25 09:37:05,177 - request -                debug() - DEBUG - [34mRequest object created[0m
2025-06-25 09:37:05,178 - request -                debug() - DEBUG - [34mSending request[0m
2025-06-25 09:37:05,178 - request -                debug() - DEBUG - [34mSending GET request[0m
2025-06-25 09:37:05,178 - request -                debug() - DEBUG - [34mResponse received[0m
2025-06-25 09:37:05,178 - request -                debug() - DEBUG - [34mRequest object created[0m
2025-06-25 09:37:05,178 - request -                debug() - DEBUG - [34mSending request[0m
2025-06-25 09:37:05,178 - request -                error() - ERROR - [31mInvalid method[0m
2025-06-25 09:37:05,178 - request -                debug() - DEBUG - [34mRequest object created[0m
2025-06-25 09:37:05,179 - request -                debug() - DEBUG - [34mSending request[0m
2025-06-25 09:37:05,179 - request -                debug() - DEBUG - [34mSending POST request[0m
2025-06-25 09:37:05,179 - request -                debug() - DEBUG - [34mResponse received[0m
2025-06-25 09:37:05,195 - request -                debug() - DEBUG - [34mRequest object created[0m
2025-06-25 09:37:05,195 - request -                debug() - DEBUG - [34mRequest object created[0m
2025-06-25 09:37:05,196 - request -                debug() - DEBUG - [34mSending request[0m
2025-06-25 09:37:05,196 - request -                debug() - DEBUG - [34mSending GET request[0m
2025-06-25 09:37:05,196 - request -                debug() - DEBUG - [34mResponse received[0m
2025-06-25 09:37:05,196 - request -                debug() - DEBUG - [34mRequest object created[0m
2025-06-25 09:37:05,196 - request -                debug() - DEBUG - [34mSending request[0m
2025-06-25 09:37:05,196 - request -                error() - ERROR - [31mInvalid method[0m
2025-06-25 09:37:05,196 - request -                debug() - DEBUG - [34mRequest object created[0m
2025-06-25 09:37:05,196 - request -                debug() - DEBUG - [34mSending request[0m
2025-06-25 09:37:05,196 - request -                debug() - DEBUG - [34mSending POST request[0m
2025-06-25 09:37:05,196 - request -                debug() - DEBUG - [34mResponse received[0m
2025-06-25 09:47:18,096 - test_logger -                debug() - DEBUG - [34mTest debug message[0m
2025-06-25 09:47:18,096 - test_logger -                 info() - INFO - [32mTest info message[0m
2025-06-25 09:47:18,096 - test_logger -              warning() - WARNING - [33mTest warning message[0m
2025-06-25 09:47:18,096 - test_logger -                error() - ERROR - [31mTest error message[0m
2025-06-25 09:47:18,096 - test_logger -             critical() - CRITICAL - [107m[31mTest critical message[0m
2025-06-25 09:47:18,509 - request -                debug() - DEBUG - [34mRequest object created[0m
2025-06-25 09:47:18,511 - request -                debug() - DEBUG - [34mRequest object created[0m
2025-06-25 09:47:18,512 - request -                debug() - DEBUG - [34mSending request[0m
2025-06-25 09:47:18,512 - request -                debug() - DEBUG - [34mSending GET request[0m
2025-06-25 09:47:18,513 - request -                debug() - DEBUG - [34mResponse received[0m
2025-06-25 09:47:18,513 - request -                debug() - DEBUG - [34mRequest object created[0m
2025-06-25 09:47:18,513 - request -                debug() - DEBUG - [34mSending request[0m
2025-06-25 09:47:18,513 - request -                error() - ERROR - [31mInvalid method[0m
2025-06-25 09:47:18,514 - request -                debug() - DEBUG - [34mRequest object created[0m
2025-06-25 09:47:18,514 - request -                debug() - DEBUG - [34mSending request[0m
2025-06-25 09:47:18,514 - request -                debug() - DEBUG - [34mSending POST request[0m
2025-06-25 09:47:18,514 - request -                debug() - DEBUG - [34mResponse received[0m
2025-06-25 09:47:18,535 - request -                debug() - DEBUG - [34mRequest object created[0m
2025-06-25 09:47:18,535 - request -                debug() - DEBUG - [34mRequest object created[0m
2025-06-25 09:47:18,535 - request -                debug() - DEBUG - [34mSending request[0m
2025-06-25 09:47:18,535 - request -                debug() - DEBUG - [34mSending GET request[0m
2025-06-25 09:47:18,535 - request -                debug() - DEBUG - [34mResponse received[0m
2025-06-25 09:47:18,536 - request -                debug() - DEBUG - [34mRequest object created[0m
2025-06-25 09:47:18,536 - request -                debug() - DEBUG - [34mSending request[0m
2025-06-25 09:47:18,536 - request -                error() - ERROR - [31mInvalid method[0m
2025-06-25 09:47:18,536 - request -                debug() - DEBUG - [34mRequest object created[0m
2025-06-25 09:47:18,536 - request -                debug() - DEBUG - [34mSending request[0m
2025-06-25 09:47:18,536 - request -                debug() - DEBUG - [34mSending POST request[0m
2025-06-25 09:47:18,536 - request -                debug() - DEBUG - [34mResponse received[0m
2025-06-25 09:47:44,151 - test_logger -                debug() - DEBUG - [34mTest debug message[0m
2025-06-25 09:47:44,151 - test_logger -                 info() - INFO - [32mTest info message[0m
2025-06-25 09:47:44,151 - test_logger -              warning() - WARNING - [33mTest warning message[0m
2025-06-25 09:47:44,151 - test_logger -                error() - ERROR - [31mTest error message[0m
2025-06-25 09:47:44,151 - test_logger -             critical() - CRITICAL - [107m[31mTest critical message[0m
2025-06-25 09:47:44,567 - request -                debug() - DEBUG - [34mRequest object created[0m
2025-06-25 09:47:44,569 - request -                debug() - DEBUG - [34mRequest object created[0m
2025-06-25 09:47:44,570 - request -                debug() - DEBUG - [34mSending request[0m
2025-06-25 09:47:44,570 - request -                debug() - DEBUG - [34mSending GET request[0m
2025-06-25 09:47:44,570 - request -                debug() - DEBUG - [34mResponse received[0m
2025-06-25 09:47:44,571 - request -                debug() - DEBUG - [34mRequest object created[0m
2025-06-25 09:47:44,571 - request -                debug() - DEBUG - [34mSending request[0m
2025-06-25 09:47:44,571 - request -                error() - ERROR - [31mInvalid method[0m
2025-06-25 09:47:44,571 - request -                debug() - DEBUG - [34mRequest object created[0m
2025-06-25 09:47:44,571 - request -                debug() - DEBUG - [34mSending request[0m
2025-06-25 09:47:44,571 - request -                debug() - DEBUG - [34mSending POST request[0m
2025-06-25 09:47:44,571 - request -                debug() - DEBUG - [34mResponse received[0m
2025-06-25 09:47:44,590 - request -                debug() - DEBUG - [34mRequest object created[0m
2025-06-25 09:47:44,591 - request -                debug() - DEBUG - [34mRequest object created[0m
2025-06-25 09:47:44,591 - request -                debug() - DEBUG - [34mSending request[0m
2025-06-25 09:47:44,591 - request -                debug() - DEBUG - [34mSending GET request[0m
2025-06-25 09:47:44,591 - request -                debug() - DEBUG - [34mResponse received[0m
2025-06-25 09:47:44,591 - request -                debug() - DEBUG - [34mRequest object created[0m
2025-06-25 09:47:44,591 - request -                debug() - DEBUG - [34mSending request[0m
2025-06-25 09:47:44,591 - request -                error() - ERROR - [31mInvalid method[0m
2025-06-25 09:47:44,591 - request -                debug() - DEBUG - [34mRequest object created[0m
2025-06-25 09:47:44,592 - request -                debug() - DEBUG - [34mSending request[0m
2025-06-25 09:47:44,592 - request -                debug() - DEBUG - [34mSending POST request[0m
2025-06-25 09:47:44,592 - request -                debug() - DEBUG - [34mResponse received[0m
2025-06-25 09:48:40,748 - test_logger -                debug() - DEBUG - [34mTest debug message[0m
2025-06-25 09:48:40,748 - test_logger -                 info() - INFO - [32mTest info message[0m
2025-06-25 09:48:40,748 - test_logger -              warning() - WARNING - [33mTest warning message[0m
2025-06-25 09:48:40,748 - test_logger -                error() - ERROR - [31mTest error message[0m
2025-06-25 09:48:40,748 - test_logger -             critical() - CRITICAL - [107m[31mTest critical message[0m
2025-06-25 09:48:41,161 - request -                debug() - DEBUG - [34mRequest object created[0m
2025-06-25 09:48:41,163 - request -                debug() - DEBUG - [34mRequest object created[0m
2025-06-25 09:48:41,164 - request -                debug() - DEBUG - [34mSending request[0m
2025-06-25 09:48:41,164 - request -                debug() - DEBUG - [34mSending GET request[0m
2025-06-25 09:48:41,164 - request -                debug() - DEBUG - [34mResponse received[0m
2025-06-25 09:48:41,165 - request -                debug() - DEBUG - [34mRequest object created[0m
2025-06-25 09:48:41,165 - request -                debug() - DEBUG - [34mSending request[0m
2025-06-25 09:48:41,165 - request -                error() - ERROR - [31mInvalid method[0m
2025-06-25 09:48:41,165 - request -                debug() - DEBUG - [34mRequest object created[0m
2025-06-25 09:48:41,165 - request -                debug() - DEBUG - [34mSending request[0m
2025-06-25 09:48:41,165 - request -                debug() - DEBUG - [34mSending POST request[0m
2025-06-25 09:48:41,165 - request -                debug() - DEBUG - [34mResponse received[0m
2025-06-25 09:48:41,189 - request -                debug() - DEBUG - [34mRequest object created[0m
2025-06-25 09:48:41,189 - request -                debug() - DEBUG - [34mRequest object created[0m
2025-06-25 09:48:41,189 - request -                debug() - DEBUG - [34mSending request[0m
2025-06-25 09:48:41,189 - request -                debug() - DEBUG - [34mSending GET request[0m
2025-06-25 09:48:41,190 - request -                debug() - DEBUG - [34mResponse received[0m
2025-06-25 09:48:41,190 - request -                debug() - DEBUG - [34mRequest object created[0m
2025-06-25 09:48:41,190 - request -                debug() - DEBUG - [34mSending request[0m
2025-06-25 09:48:41,190 - request -                error() - ERROR - [31mInvalid method[0m
2025-06-25 09:48:41,190 - request -                debug() - DEBUG - [34mRequest object created[0m
2025-06-25 09:48:41,191 - request -                debug() - DEBUG - [34mSending request[0m
2025-06-25 09:48:41,191 - request -                debug() - DEBUG - [34mSending POST request[0m
2025-06-25 09:48:41,191 - request -                debug() - DEBUG - [34mResponse received[0m
2025-06-25 09:50:46,827 - test_logger -                debug() - DEBUG - [34mTest debug message[0m
2025-06-25 09:50:46,827 - test_logger -                 info() - INFO - [32mTest info message[0m
2025-06-25 09:50:46,827 - test_logger -              warning() - WARNING - [33mTest warning message[0m
2025-06-25 09:50:46,827 - test_logger -                error() - ERROR - [31mTest error message[0m
2025-06-25 09:50:46,827 - test_logger -             critical() - CRITICAL - [107m[31mTest critical message[0m
2025-06-25 09:50:47,241 - request -                debug() - DEBUG - [34mRequest object created[0m
2025-06-25 09:50:47,244 - request -                debug() - DEBUG - [34mRequest object created[0m
2025-06-25 09:50:47,245 - request -                debug() - DEBUG - [34mSending request[0m
2025-06-25 09:50:47,245 - request -                debug() - DEBUG - [34mSending GET request[0m
2025-06-25 09:50:47,246 - request -                debug() - DEBUG - [34mResponse received[0m
2025-06-25 09:50:47,246 - request -                debug() - DEBUG - [34mRequest object created[0m
2025-06-25 09:50:47,246 - request -                debug() - DEBUG - [34mSending request[0m
2025-06-25 09:50:47,246 - request -                error() - ERROR - [31mInvalid method[0m
2025-06-25 09:50:47,247 - request -                debug() - DEBUG - [34mRequest object created[0m
2025-06-25 09:50:47,247 - request -                debug() - DEBUG - [34mSending request[0m
2025-06-25 09:50:47,247 - request -                debug() - DEBUG - [34mSending POST request[0m
2025-06-25 09:50:47,247 - request -                debug() - DEBUG - [34mResponse received[0m
2025-06-25 09:50:47,269 - request -                debug() - DEBUG - [34mRequest object created[0m
2025-06-25 09:50:47,269 - request -                debug() - DEBUG - [34mRequest object created[0m
2025-06-25 09:50:47,269 - request -                debug() - DEBUG - [34mSending request[0m
2025-06-25 09:50:47,269 - request -                debug() - DEBUG - [34mSending GET request[0m
2025-06-25 09:50:47,269 - request -                debug() - DEBUG - [34mResponse received[0m
2025-06-25 09:50:47,269 - request -                debug() - DEBUG - [34mRequest object created[0m
2025-06-25 09:50:47,269 - request -                debug() - DEBUG - [34mSending request[0m
2025-06-25 09:50:47,269 - request -                error() - ERROR - [31mInvalid method[0m
2025-06-25 09:50:47,270 - request -                debug() - DEBUG - [34mRequest object created[0m
2025-06-25 09:50:47,270 - request -                debug() - DEBUG - [34mSending request[0m
2025-06-25 09:50:47,270 - request -                debug() - DEBUG - [34mSending POST request[0m
2025-06-25 09:50:47,270 - request -                debug() - DEBUG - [34mResponse received[0m
